=== A. 加载无错误 ===
  ok  : no errors

=== B. 拖拽随时可用（问题1：有时能拖有时不能）===
      [2.3s] dragTest 开始: 首次拖拽 dx=260 dy=0
      [2.3s] 找贴纸...
      [2.3s] 找到: 809,376
      [2.3s] 目标点: 1069,376
      [2.3s] 拖动中...
      [2.4s] 拖动完成
      [2.4s] 松手
      [2.4s] 等待静止...
      [2.9s] 已静止
  ok  : 首次拖拽 ok
      [3.0s] 点击 U 按钮...
      [3.0s] U 已点
      [3.0s] dragTest 开始: 转完立刻拖(0ms) dx=200 dy=0
      [3.0s] 找贴纸...
      [3.0s] 找到: 618,492
      [3.0s] 目标点: 818,492
      [3.1s] 拖动中...
      [3.1s] 拖动完成
      [3.1s] 松手
      [3.1s] 等待静止...
      [3.6s] 已静止
  ok  : 动画期间拖拽也生效 (kind=turn)
      [3.7s] 点击 U' 按钮...
      [3.7s] U' 已点
      [3.7s] dragTest 开始: 动画期间拖(60ms) dx=200 dy=0
      [3.8s] 找贴纸...
      [3.8s] 找到: 784,424
      [3.8s] 目标点: 984,424
      [3.8s] 拖动中...
      [3.9s] 拖动完成
      [3.9s] 松手
      [3.9s] 等待静止...
      [4.4s] 已静止
  ok  : 动画进行中 60ms 拖拽生效
      [4.5s] dragTest 开始: 连拖1 dx=200 dy=0
      [4.5s] 找贴纸...
      [4.6s] 找到: 788,590
      [4.6s] 目标点: 988,590
      [4.6s] 拖动中...
      [4.6s] 拖动完成
      [4.6s] 松手
      [4.6s] 等待静止...
      [5.1s] 已静止
      [5.2s] dragTest 开始: 连拖2 dx=-200 dy=0
      [5.2s] 找贴纸...
      [5.3s] 找到: 618,492
      [5.3s] 目标点: 418,492
      [5.3s] 拖动中...
      [5.3s] 拖动完成
      [5.3s] 松手
      [5.3s] 等待静止...
      [5.8s] 已静止
      [5.9s] dragTest 开始: 连拖3 dx=200 dy=0
      [5.9s] 找贴纸...
      [5.9s] 找到: 618,492
      [5.9s] 目标点: 818,492
      [5.9s] 拖动中...
      [6.0s] 拖动完成
      [6.0s] 松手
      [6.0s] 等待静止...
      [6.5s] 已静止
      [6.6s] dragTest 开始: 连拖4 dx=-200 dy=0
      [6.6s] 找贴纸...
      [6.6s] 找到: 809,376
      [6.6s] 目标点: 609,376
      [6.7s] 拖动中...
      [6.7s] 拖动完成
      [6.7s] 松手
      [6.7s] 等待静止...
      [7.2s] 已静止
      [7.3s] dragTest 开始: 连拖5 dx=200 dy=0
      [7.3s] 找贴纸...
      [7.4s] 找到: 618,492
      [7.4s] 目标点: 818,492
      [7.4s] 拖动中...
      [7.4s] 拖动完成
      [7.4s] 松手
      [7.4s] 等待静止...
      [7.9s] 已静止
      [8.0s] dragTest 开始: 连拖6 dx=-200 dy=0
      [8.1s] 找贴纸...
      [8.1s] 找到: 711,546
      [8.1s] 目标点: 511,546
      [8.1s] 拖动中...
      [8.1s] 拖动完成
      [8.1s] 松手
      [8.1s] 等待静止...
      [8.6s] 已静止
  ok  : 连续快速拖 6/6 成功 (实际 6)

=== C. 还原闭环（问题2：点还原反而更乱）===
  ok  : 第 1 轮: 打乱后未复原 -> 点还原后已复原
  ok  : 第 2 轮: 打乱后未复原 -> 点还原后已复原
  ok  : 第 3 轮: 打乱后未复原 -> 点还原后已复原
  ok  : 还原后按钮禁用 + 魔方保持复原（不存在「再点一次反而更乱」）
  ok  : 强行再次调用 solveAll() 后仍保持复原（幂等）

=== D. 还原按钮状态闭环 ===
  ok  : 复原后按钮显示「还原」且禁用

=== E. 侧栏独立（问题3：不要同步）===
  ok  : 默认 主图=立体 / 侧栏=平面展开图（两个不同视图）
  ok  : 主图展开后，侧栏仍是展开图（未联动）
  ok  : 侧栏可独立切到 3D 立体图
  ok  : 主图折叠后，侧栏保持 3D（未联动）

=== F. 阻尼吸附（问题4：不跟手无阻尼）===
  ok  : 拖动中角度跟手 (7.8°)
  ok  : 松手后进入阻尼动画 (from=7.8 to=0 dur=240ms)
  ok  : 阻尼时长合理（>=150ms）
  ok  : 微小拖动（9px）回弹后不计步数 (moves=0, hist=0)

=== G. 快速甩动有惯性 ===
  ok  : 快速甩动触发转动 (步数 1)

=== H. 最终无错误 ===
  ok  : no errors at end

=== ALL PASSED ===
